================================================================================
Kavia VS Code Extension - Streaming Messages Log
Session ID: 2026-01-27T10-21-22-454Z
Started: 2026-01-27T10:21:22.455Z
================================================================================

++++++++++++++++++++++++++++++++++++++++++++++++++++++++++++++++++++++++++++++++
[1] EVENT: Extension Activated
Time: 2026-01-27T10:21:22.455Z
++++++++++++++++++++++++++++++++++++++++++++++++++++++++++++++++++++++++++++++++
{
  "extensionId": "kavia.kavia-ai",
  "version": "0.4.2-qa"
}

++++++++++++++++++++++++++++++++++++++++++++++++++++++++++++++++++++++++++++++++
[2] EVENT: Extension Deactivated
Time: 2026-01-27T11:14:51.092Z
++++++++++++++++++++++++++++++++++++++++++++++++++++++++++++++++++++++++++++++++
{
  "totalMessages": 1
}

================================================================================
Session Ended: 2026-01-27T11:14:51.092Z
Total Messages: 2
================================================================================
